// Jest Snapshot v1, https://goo.gl/fbAQLP

exports[`Link_changes_the_class_when_hovered 1`] = `
<div>
  <button
    id="button"
  >
    abc:abc
  </button>
</div>
`;
